// Jest Snapshot v1, https://goo.gl/fbAQLP

exports[`BlockSwitcher should render switcher with blocks 1`] = `""`;
